
> summit-scene-ai-upgrade@1.0.0 start:clear
> expo start --clear --host lan

env: load .env
env: export ADMIN_EMAILS EXPO_PUBLIC_API_BASE_URL GOOGLE_SERVICES_JSON EXPO_PUBLIC_GOOGLE_WEB_CLIENT_ID
Starting project at C:\SummitSceneUpgrade\summit-scene-ai-upgrade
Starting Metro Bundler
warning: Bundler cache is empty, rebuilding (this may take a minute)
Waiting on http://localhost:8081
Logs for your project will appear below.
Android .\index.js ░░░░░░░░░░░░░░░░  0.0% (0/1)
Android .\index.js ░░░░░░░░░░░░░░░░  1.0% (1/1)
Android .\index.js ▓▓░░░░░░░░░░░░░░ 14.5% ( 9/24)
Android .\index.js ▓▓░░░░░░░░░░░░░░ 14.5% ( 54/280)
Android .\index.js ▓▓░░░░░░░░░░░░░░ 14.5% (118/367)
Android .\index.js ▓▓▓░░░░░░░░░░░░░ 19.5% (190/440)
Android .\index.js ▓▓▓▓░░░░░░░░░░░░ 25.3% (239/496)
Android .\index.js ▓▓▓▓░░░░░░░░░░░░ 27.9% (286/541)
Android .\index.js ▓▓▓▓▓░░░░░░░░░░░ 31.6% (351/624)
Android .\index.js ▓▓▓▓▓░░░░░░░░░░░ 36.2% (411/683)
Android .\index.js ▓▓▓▓▓▓░░░░░░░░░░ 40.1% (470/754)
Android .\index.js ▓▓▓▓▓▓░░░░░░░░░░ 40.1% (521/864)
Android .\index.js ▓▓▓▓▓▓░░░░░░░░░░ 43.1% (592/902)
Android .\index.js ▓▓▓▓▓▓▓▓░░░░░░░░ 50.8% (665/933)
Android .\index.js ▓▓▓▓▓▓▓▓▓▓░░░░░░ 64.2% (767/957)
Android .\index.js ▓▓▓▓▓▓▓▓▓▓▓░░░░░ 71.0% ( 867/1029)
Android .\index.js ▓▓▓▓▓▓▓▓▓▓▓▓░░░░ 76.1% ( 935/1072)
Android .\index.js ▓▓▓▓▓▓▓▓▓▓▓▓░░░░ 80.4% (1012/1132)
Android .\index.js ▓▓▓▓▓▓▓▓▓▓▓▓▓░░░ 81.5% (1089/1207)
Android .\index.js ▓▓▓▓▓▓▓▓▓▓▓▓▓░░░ 86.9% (1131/1213)
Android .\index.js ▓▓▓▓▓▓▓▓▓▓▓▓▓▓░░ 90.3% (1162/1223)
Android .\index.js ▓▓▓▓▓▓▓▓▓▓▓▓▓▓░░ 93.7% (1209/1279)
Android .\index.js ▓▓▓▓▓▓▓▓▓▓▓▓▓▓░░ 93.7% (1270/1315)
Android .\index.js ▓▓▓▓▓▓▓▓▓▓▓▓▓▓▓░ 96.5% (1346/1370)
Android Bundled 87999ms index.js (1379 modules)
