Error while reading cache, falling back to a full crawl:
 Error: Unable to deserialize cloned data.
    at deserialize (node:v8:469:14)
    at DiskCacheManager.read (C:\SummitSceneUpgrade\summit-scene-ai-upgrade\node_modules\@expo\metro\node_modules\metro-file-map\src\cache\DiskCacheManager.js:60:33)
    at FileMap.read (C:\SummitSceneUpgrade\summit-scene-ai-upgrade\node_modules\@expo\metro\node_modules\metro-file-map\src\index.js:284:14)
    at C:\SummitSceneUpgrade\summit-scene-ai-upgrade\node_modules\@expo\metro\node_modules\metro-file-map\src\index.js:202:25
    at DependencyGraph.ready (C:\SummitSceneUpgrade\summit-scene-ai-upgrade\node_modules\@expo\metro\node_modules\metro\src\node-haste\DependencyGraph.js:88:5)
    at Bundler.ready (C:\SummitSceneUpgrade\summit-scene-ai-upgrade\node_modules\@expo\metro\node_modules\metro\src\Bundler.js:62:5)
    at IncrementalBundler.ready (C:\SummitSceneUpgrade\summit-scene-ai-upgrade\node_modules\@expo\metro\node_modules\metro\src\IncrementalBundler.js:302:5)
    at Server.ready (C:\SummitSceneUpgrade\summit-scene-ai-upgrade\node_modules\@expo\metro\node_modules\metro\src\Server.js:1305:5)
Tunnel connection has been closed. This is often related to intermittent connection issues between the dev server and ngrok. Restart the dev server to try connecting to ngrok again.
Check the Ngrok status page for outages: https://status.ngrok.com/
Tunnel connection has been closed. This is often related to intermittent connection issues between the dev server and ngrok. Restart the dev server to try connecting to ngrok again.
Check the Ngrok status page for outages: https://status.ngrok.com/
Tunnel connection has been closed. This is often related to intermittent connection issues between the dev server and ngrok. Restart the dev server to try connecting to ngrok again.
Check the Ngrok status page for outages: https://status.ngrok.com/
Tunnel connection has been closed. This is often related to intermittent connection issues between the dev server and ngrok. Restart the dev server to try connecting to ngrok again.
Check the Ngrok status page for outages: https://status.ngrok.com/
Tunnel connection has been closed. This is often related to intermittent connection issues between the dev server and ngrok. Restart the dev server to try connecting to ngrok again.
Check the Ngrok status page for outages: https://status.ngrok.com/
Tunnel connection has been closed. This is often related to intermittent connection issues between the dev server and ngrok. Restart the dev server to try connecting to ngrok again.
Check the Ngrok status page for outages: https://status.ngrok.com/
Tunnel connection has been closed. This is often related to intermittent connection issues between the dev server and ngrok. Restart the dev server to try connecting to ngrok again.
Check the Ngrok status page for outages: https://status.ngrok.com/
Tunnel connection has been closed. This is often related to intermittent connection issues between the dev server and ngrok. Restart the dev server to try connecting to ngrok again.
Check the Ngrok status page for outages: https://status.ngrok.com/
